// Jest Snapshot v1, https://goo.gl/fbAQLP

exports[`Output renders as expected 1`] = `
initialize {
  "0": Object {
    "attribs": Object {
      "class": "MuiPaper-root-1 MuiPaper-elevation2-5 MuiPaper-rounded-2 sc-bdVaJa dyfwjK",
    },
    "children": Array [
      Object {
        "attribs": Object {
          "class": "sc-bwzfXH drzoWa",
        },
        "children": Array [
          Object {
            "data": "Title",
            "next": null,
            "parent": [Circular],
            "prev": null,
            "type": "text",
          },
        ],
        "name": "h1",
        "namespace": "http://www.w3.org/1999/xhtml",
        "next": Object {
          "attribs": Object {
            "class": "MuiPaper-root-1 MuiPaper-elevation2-5 MuiPaper-rounded-2 sc-htpNat ialmjg",
            "style": "background-color: rgb(66, 66, 66);",
          },
          "children": Array [
            Object {
              "data": "Hallo",
              "next": Object {
                "attribs": Object {},
                "children": Array [],
                "name": "br",
                "namespace": "http://www.w3.org/1999/xhtml",
                "next": null,
                "parent": [Circular],
                "prev": [Circular],
                "type": "tag",
                "x-attribsNamespace": Object {},
                "x-attribsPrefix": Object {},
              },
              "parent": [Circular],
              "prev": null,
              "type": "text",
            },
            Object {
              "attribs": Object {},
              "children": Array [],
              "name": "br",
              "namespace": "http://www.w3.org/1999/xhtml",
              "next": null,
              "parent": [Circular],
              "prev": Object {
                "data": "Hallo",
                "next": [Circular],
                "parent": [Circular],
                "prev": null,
                "type": "text",
              },
              "type": "tag",
              "x-attribsNamespace": Object {},
              "x-attribsPrefix": Object {},
            },
          ],
          "name": "div",
          "namespace": "http://www.w3.org/1999/xhtml",
          "next": null,
          "parent": [Circular],
          "prev": [Circular],
          "type": "tag",
          "x-attribsNamespace": Object {
            "class": undefined,
            "style": undefined,
          },
          "x-attribsPrefix": Object {
            "class": undefined,
            "style": undefined,
          },
        },
        "parent": [Circular],
        "prev": null,
        "type": "tag",
        "x-attribsNamespace": Object {
          "class": undefined,
        },
        "x-attribsPrefix": Object {
          "class": undefined,
        },
      },
      Object {
        "attribs": Object {
          "class": "MuiPaper-root-1 MuiPaper-elevation2-5 MuiPaper-rounded-2 sc-htpNat ialmjg",
          "style": "background-color: rgb(66, 66, 66);",
        },
        "children": Array [
          Object {
            "data": "Hallo",
            "next": Object {
              "attribs": Object {},
              "children": Array [],
              "name": "br",
              "namespace": "http://www.w3.org/1999/xhtml",
              "next": null,
              "parent": [Circular],
              "prev": [Circular],
              "type": "tag",
              "x-attribsNamespace": Object {},
              "x-attribsPrefix": Object {},
            },
            "parent": [Circular],
            "prev": null,
            "type": "text",
          },
          Object {
            "attribs": Object {},
            "children": Array [],
            "name": "br",
            "namespace": "http://www.w3.org/1999/xhtml",
            "next": null,
            "parent": [Circular],
            "prev": Object {
              "data": "Hallo",
              "next": [Circular],
              "parent": [Circular],
              "prev": null,
              "type": "text",
            },
            "type": "tag",
            "x-attribsNamespace": Object {},
            "x-attribsPrefix": Object {},
          },
        ],
        "name": "div",
        "namespace": "http://www.w3.org/1999/xhtml",
        "next": null,
        "parent": [Circular],
        "prev": Object {
          "attribs": Object {
            "class": "sc-bwzfXH drzoWa",
          },
          "children": Array [
            Object {
              "data": "Title",
              "next": null,
              "parent": [Circular],
              "prev": null,
              "type": "text",
            },
          ],
          "name": "h1",
          "namespace": "http://www.w3.org/1999/xhtml",
          "next": [Circular],
          "parent": [Circular],
          "prev": null,
          "type": "tag",
          "x-attribsNamespace": Object {
            "class": undefined,
          },
          "x-attribsPrefix": Object {
            "class": undefined,
          },
        },
        "type": "tag",
        "x-attribsNamespace": Object {
          "class": undefined,
          "style": undefined,
        },
        "x-attribsPrefix": Object {
          "class": undefined,
          "style": undefined,
        },
      },
    ],
    "name": "div",
    "namespace": "http://www.w3.org/1999/xhtml",
    "next": null,
    "parent": null,
    "prev": null,
    "root": Object {
      "attribs": Object {},
      "children": Array [
        [Circular],
      ],
      "name": "root",
      "namespace": "http://www.w3.org/1999/xhtml",
      "next": null,
      "parent": null,
      "prev": null,
      "type": "root",
      "x-attribsNamespace": Object {},
      "x-attribsPrefix": Object {},
    },
    "type": "tag",
    "x-attribsNamespace": Object {
      "class": undefined,
    },
    "x-attribsPrefix": Object {
      "class": undefined,
    },
  },
  "_root": [Circular],
  "length": 1,
  "options": Object {
    "decodeEntities": true,
    "normalizeWhitespace": false,
    "withDomLvl1": true,
    "xml": false,
  },
}
`;
